// Jest Snapshot v1, https://goo.gl/fbAQLP

exports[`withActivePlayer renders correctly 1`] = `<div />`;
