// Jest Snapshot v1, https://goo.gl/fbAQLP

exports[`withTextState is rendered correctly 1`] = `<div />`;
