// Jest Snapshot v1, https://goo.gl/fbAQLP

exports[`<MovieReviews /> should render correctly 1`] = `
<div
  className="movie-card__reviews movie-card__row"
>
  <div
    className="movie-card__reviews-col"
  >
    <div
      className="review"
    >
      <blockquote
        className="review__quote"
      >
        <p
          className="review__text"
        >
          Description
        </p>
        <footer
          className="review__details"
        >
          <cite
            className="review__author"
          >
            Kate Muiry
          </cite>
          <time
            className="review__date"
            dateTime="2016-12-25"
          >
            December 25, 2016
          </time>
        </footer>
      </blockquote>
      <div
        className="review__rating"
      >
        8.1
      </div>
    </div>
    <div
      className="review"
    >
      <blockquote
        className="review__quote"
      >
        <p
          className="review__text"
        >
          Description
        </p>
        <footer
          className="review__details"
        >
          <cite
            className="review__author"
          >
            Kate Muiry
          </cite>
          <time
            className="review__date"
            dateTime="2016-12-25"
          >
            December 25, 2016
          </time>
        </footer>
      </blockquote>
      <div
        className="review__rating"
      >
        8.1
      </div>
    </div>
    <div
      className="review"
    >
      <blockquote
        className="review__quote"
      >
        <p
          className="review__text"
        >
          Description
        </p>
        <footer
          className="review__details"
        >
          <cite
            className="review__author"
          >
            Kate Muiry
          </cite>
          <time
            className="review__date"
            dateTime="2016-12-25"
          >
            December 25, 2016
          </time>
        </footer>
      </blockquote>
      <div
        className="review__rating"
      >
        8.1
      </div>
    </div>
  </div>
  <div
    className="movie-card__reviews-col"
  >
    <div
      className="review"
    >
      <blockquote
        className="review__quote"
      >
        <p
          className="review__text"
        >
          Description
        </p>
        <footer
          className="review__details"
        >
          <cite
            className="review__author"
          >
            Kate Muiry
          </cite>
          <time
            className="review__date"
            dateTime="2016-12-24"
          >
            December 24, 2016
          </time>
        </footer>
      </blockquote>
      <div
        className="review__rating"
      >
        8.1
      </div>
    </div>
    <div
      className="review"
    >
      <blockquote
        className="review__quote"
      >
        <p
          className="review__text"
        >
          Description
        </p>
        <footer
          className="review__details"
        >
          <cite
            className="review__author"
          >
            Kate Muiry
          </cite>
          <time
            className="review__date"
            dateTime="2016-12-24"
          >
            December 24, 2016
          </time>
        </footer>
      </blockquote>
      <div
        className="review__rating"
      >
        8.1
      </div>
    </div>
  </div>
</div>
`;
