// Jest Snapshot v1, https://goo.gl/fbAQLP

exports[`<GenreList /> should render correctly 1`] = `
<div
  className="catalog__more"
  style={null}
>
  <button
    className="catalog__button"
    onClick={[Function]}
    type="button"
  >
    Show more
  </button>
</div>
`;
