// Jest Snapshot v1, https://goo.gl/fbAQLP

exports[`<VideoPlayer /> should render correctly 1`] = `
<video
  alt=""
  height="175"
  poster="somePath"
  src="somePath"
  width="280"
/>
`;
